// Jest Snapshot v1, https://goo.gl/fbAQLP

exports[`Check Changes in the Movies Title 1`] = `
<div
  className="container1"
  data-testid="home-page"
>
  <div
    className="item"
  >
    <svg
      alt="movies icon"
      className="movie-icon"
      fill="currentColor"
      height={50}
      id={1}
      onClick={[Function]}
      stroke="currentColor"
      strokeWidth="0"
      style={
        Object {
          "color": undefined,
        }
      }
      viewBox="0 0 16 16"
      width={50}
      xmlns="http://www.w3.org/2000/svg"
    >
      <path
        d="M1 8a7 7 0 1 0 14 0A7 7 0 0 0 1 8zm15 0A8 8 0 1 1 0 8a8 8 0 0 1 16 0zM4.5 7.5a.5.5 0 0 0 0 1h5.793l-2.147 2.146a.5.5 0 0 0 .708.708l3-3a.5.5 0 0 0 0-.708l-3-3a.5.5 0 1 0-.708.708L10.293 7.5H4.5z"
        fillRule="evenodd"
      />
    </svg>
    <h3
      className="title-home"
    >
      Movie Name Here
    </h3>
    <h6
      className="year-home"
    >
      Year-
      2022
    </h6>
  </div>
</div>
`;
