// Jest Snapshot v1, https://goo.gl/fbAQLP

exports[`Check Changes in the component Navigation 1`] = `
<nav
  className="navbar navbar-expand navbar-light"
/>
`;
